
Utilization Design Information:
-------------------
Target Device    : xc7vx485t
Target Package   : ffg1761
Target Speed     : -2
Command Options  : -file top_test_utilization_synth.rpt

Slice Logic
+----------------------------+---------+----------+--------------+----------+
|Site Type                   |     Used|     Loced|     Available|     Util%|
+----------------------------+---------+----------+--------------+----------+
|Slice LUTs*                 |    79104|         0|        303600|     26.05|
|  LUT as Logic              |    78926|         0|        303600|     25.99|
|  LUT as Memory             |      178|         0|        130800|      0.13|
|    LUT as Distributed RAM  |        0|         0|              |          |
|    LUT as Shift Register   |      178|         0|              |          |
|Slice Registers             |     1246|         0|        607200|      0.20|
|  Register as Flip Flop     |     1245|         0|        607200|      0.20|
|  Register as Latch         |        1|         0|        607200|      0.01|
|F7 Muxes                    |     7798|         0|        151800|      5.13|
|F8 Muxes                    |     2927|         0|         75900|      3.85|
+----------------------------+---------+----------+--------------+----------+
*The Final LUT count, after physical optimizations and full implementation, is typically lower.

Memory
+-----------------+---------+----------+--------------+----------+
|Site Type        |     Used|     Loced|     Available|     Util%|
+-----------------+---------+----------+--------------+----------+
|RAMB36/FIFO36    |      258|         0|          1030|     25.04|
|  RAMB36E1 only  |      258|          |              |          |
|RAMB18/FIFO18    |        0|         0|          2060|      0.00|
+-----------------+---------+----------+--------------+----------+
                                                                  

DSP
+--------------+---------+----------+--------------+----------+
|Site Type     |     Used|     Loced|     Available|     Util%|
+--------------+---------+----------+--------------+----------+
|DSPs          |        0|         0|          2800|      0.00|
+--------------+---------+----------+--------------+----------+
                                                               

IO and GTX Specific
+------------------------------+---------+----------+--------------+----------+
|Site Type                     |     Used|     Loced|     Available|     Util%|
+------------------------------+---------+----------+--------------+----------+
|Bonded IOB                    |       51|         0|           700|      7.28|
|Bonded IPADs                  |        0|         0|            86|      0.00|
|Bonded OPADs                  |        0|         0|            56|      0.00|
|GTXE2_CHANNEL                 |        0|         0|            28|      0.00|
|GTXE2_COMMON                  |        0|         0|             7|      0.00|
|IBUFGDS                       |        0|         0|           672|      0.00|
|IDELAYCTRL                    |        0|         0|            14|      0.00|
|IN_FIFO                       |        0|         0|            56|      0.00|
|OUT_FIFO                      |        0|         0|            56|      0.00|
|PHASER_REF                    |        0|         0|            14|      0.00|
|PHY_CONTROL                   |        0|         0|            14|      0.00|
|PHASER_OUT/PHASER_OUT_PHY     |        0|         0|            56|      0.00|
|PHASER_IN/PHASER_IN_PHY       |        0|         0|            56|      0.00|
|IDELAYE2/IDELAYE2_FINEDELAY   |        0|         0|           700|      0.00|
|ODELAYE2/ODELAYE2_FINEDELAY   |        0|         0|           700|      0.00|
|IBUFDS_GTE2                   |        0|         0|            28|      0.00|
|ILOGICE2/ILOGICE3/ISERDESE2s  |        0|         0|           700|      0.00|
|OLOGICE2/OLOGICE3/OSERDESE2s  |        0|         0|           700|      0.00|
+------------------------------+---------+----------+--------------+----------+
                                                                               

Clocking
+--------------+---------+----------+--------------+----------+
|Site Type     |     Used|     Loced|     Available|     Util%|
+--------------+---------+----------+--------------+----------+
|BUFGCTRL      |        3|         0|            32|      9.37|
|MMCME2_ADV    |        0|         0|            14|      0.00|
|PLLE2_ADV     |        0|         0|            14|      0.00|
|BUFMRCE       |        0|         0|            28|      0.00|
|BUFHCE        |        0|         0|           168|      0.00|
|BUFR          |        0|         0|            56|      0.00|
+--------------+---------+----------+--------------+----------+
                                                               

Specific Feature
+--------------+---------+----------+--------------+----------+
|Site Type     |     Used|     Loced|     Available|     Util%|
+--------------+---------+----------+--------------+----------+
|BSCANE2       |        1|         0|             4|     25.00|
|CAPTUREE2     |        0|         0|             1|      0.00|
|DNA_PORT      |        0|         0|             1|      0.00|
|EFUSE_USR     |        0|         0|             1|      0.00|
|FRAME_ECCE2   |        0|         0|             1|      0.00|
|ICAPE2        |        0|         0|             2|      0.00|
|PCIE_2_1      |        0|         0|             4|      0.00|
|STARTUPE2     |        0|         0|             1|      0.00|
|XADC          |        0|         0|             1|      0.00|
+--------------+---------+----------+--------------+----------+
                                                               

Primitives
+-------------+---------+
|Ref Name     |     Used|
+-------------+---------+
|LUT6         |    76723|
|MUXF7        |     7798|
|MUXF8        |     2927|
|LUT5         |     1505|
|FDCE         |      991|
|LUT4         |      346|
|RAMB36E1     |      258|
|FDRE         |      163|
|LUT1         |      151|
|LUT3         |      132|
|SRL16E       |      130|
|FDPE         |       81|
|LUT2         |       69|
|OBUF         |       48|
|CARRY4       |       48|
|SRLC32E      |       45|
|FDSE         |       10|
|SRLC16E      |        3|
|BUFG         |        3|
|LDCE         |        1|
|IBUFDS       |        1|
|IBUF         |        1|
|BSCANE2      |        1|
+-------------+---------+
                         

Black Boxes
+-------------+---------+
|Ref Name     |     Used|
+-------------+---------+
                         

Instantiated Netlists
+---------------+---------+
|Ref Name       |     Used|
+---------------+---------+
|hdmi_icon      |        1|
|chipscope_ila  |        1|
+---------------+---------+
                           

