------------------------------------------------------------
TimeQuest Timing Analyzer Summary
------------------------------------------------------------

Type  : Slow 1200mV 85C Model Setup 'pl|altpll_component|auto_generated|pll1|clk[1]'
Slack : 2.033
TNS   : 0.000

Type  : Slow 1200mV 85C Model Setup 'pl|altpll_component|auto_generated|pll1|clk[0]'
Slack : 2.695
TNS   : 0.000

Type  : Slow 1200mV 85C Model Setup 'CLOCK_50'
Slack : 7.182
TNS   : 0.000

Type  : Slow 1200mV 85C Model Hold 'pl|altpll_component|auto_generated|pll1|clk[0]'
Slack : 0.376
TNS   : 0.000

Type  : Slow 1200mV 85C Model Hold 'CLOCK_50'
Slack : 0.402
TNS   : 0.000

Type  : Slow 1200mV 85C Model Hold 'pl|altpll_component|auto_generated|pll1|clk[1]'
Slack : 0.402
TNS   : 0.000

Type  : Slow 1200mV 85C Model Minimum Pulse Width 'pl|altpll_component|auto_generated|pll1|clk[1]'
Slack : 4.676
TNS   : 0.000

Type  : Slow 1200mV 85C Model Minimum Pulse Width 'CLOCK_50'
Slack : 9.481
TNS   : 0.000

Type  : Slow 1200mV 85C Model Minimum Pulse Width 'pl|altpll_component|auto_generated|pll1|clk[0]'
Slack : 14.626
TNS   : 0.000

Type  : Slow 1200mV 0C Model Setup 'pl|altpll_component|auto_generated|pll1|clk[1]'
Slack : 2.745
TNS   : 0.000

Type  : Slow 1200mV 0C Model Setup 'pl|altpll_component|auto_generated|pll1|clk[0]'
Slack : 3.258
TNS   : 0.000

Type  : Slow 1200mV 0C Model Setup 'CLOCK_50'
Slack : 7.310
TNS   : 0.000

Type  : Slow 1200mV 0C Model Hold 'pl|altpll_component|auto_generated|pll1|clk[0]'
Slack : 0.352
TNS   : 0.000

Type  : Slow 1200mV 0C Model Hold 'CLOCK_50'
Slack : 0.353
TNS   : 0.000

Type  : Slow 1200mV 0C Model Hold 'pl|altpll_component|auto_generated|pll1|clk[1]'
Slack : 0.353
TNS   : 0.000

Type  : Slow 1200mV 0C Model Minimum Pulse Width 'pl|altpll_component|auto_generated|pll1|clk[1]'
Slack : 4.650
TNS   : 0.000

Type  : Slow 1200mV 0C Model Minimum Pulse Width 'CLOCK_50'
Slack : 9.511
TNS   : 0.000

Type  : Slow 1200mV 0C Model Minimum Pulse Width 'pl|altpll_component|auto_generated|pll1|clk[0]'
Slack : 14.632
TNS   : 0.000

Type  : Fast 1200mV 0C Model Setup 'pl|altpll_component|auto_generated|pll1|clk[1]'
Slack : 6.079
TNS   : 0.000

Type  : Fast 1200mV 0C Model Setup 'pl|altpll_component|auto_generated|pll1|clk[0]'
Slack : 6.209
TNS   : 0.000

Type  : Fast 1200mV 0C Model Setup 'CLOCK_50'
Slack : 8.443
TNS   : 0.000

Type  : Fast 1200mV 0C Model Hold 'pl|altpll_component|auto_generated|pll1|clk[0]'
Slack : 0.128
TNS   : 0.000

Type  : Fast 1200mV 0C Model Hold 'CLOCK_50'
Slack : 0.181
TNS   : 0.000

Type  : Fast 1200mV 0C Model Hold 'pl|altpll_component|auto_generated|pll1|clk[1]'
Slack : 0.181
TNS   : 0.000

Type  : Fast 1200mV 0C Model Minimum Pulse Width 'pl|altpll_component|auto_generated|pll1|clk[1]'
Slack : 4.775
TNS   : 0.000

Type  : Fast 1200mV 0C Model Minimum Pulse Width 'CLOCK_50'
Slack : 9.363
TNS   : 0.000

Type  : Fast 1200mV 0C Model Minimum Pulse Width 'pl|altpll_component|auto_generated|pll1|clk[0]'
Slack : 14.710
TNS   : 0.000

------------------------------------------------------------
