Copyright 1986-1999, 2001-2013 Xilinx, Inc. All Rights Reserved.
---------------------------------------------------------------------------------------------------------------
| Tool Version     : Vivado v.2013.2 (lin64) Build 272601 Sat Jun 15 11:11:11 MDT 2013
| Date             : Tue Sep 24 19:56:55 2013
| Host             : liberty.ece.cmu.edu running 64-bit Red Hat Enterprise Linux Server release 6.4 (Santiago)
| Command          : report_power -file top_test_power_routed.rpt -pb top_test_power_summary_routed.pb
| Design           : top_test
| Device           : xc7vx485tffg1761-2
| Design State     : Routed
| Grade            : Commercial
| Process          : Typical
| Characterization : Production
---------------------------------------------------------------------------------------------------------------

Power Report

Table of Contents
-----------------
1. Summary
1.1 On-Chip Components
1.2 Power Supply Summary
1.3 Confidence Level
2. Settings
2.1 Environment
2.2 Initial Settings
2.3 Clock Constraints
3. Detailed Reports
3.1 By Hierarchy

1. Summary
----------

+--------------------------+-------+
| Total On-Chip Power (W)  | 0.251 |
| Dynamic (W)              | 0.004 |
| Device Static (W)        | 0.248 |
| Total Off-Chip Power (W) | 0.000 |
| Effective TJA (C/W)      | 1.1   |
| Max Ambient (C)          | 84.7  |
| Junction Temperature (C) | 25.3  |
| Confidence Level         | Low   |
| Setting File             | ---   |
| Simulation Activity File | ---   |
| Design Nets Matched      | NA    |
+--------------------------+-------+


1.1 On-Chip Components
----------------------

+-------------------------+-----------+----------+-----------+-----------------+
| On-Chip                 | Power (W) | Used     | Available | Utilization (%) |
+-------------------------+-----------+----------+-----------+-----------------+
| Clocks                  |     0.000 |        5 |       --- |             --- |
| Slice Logic             |     0.000 |   109029 |       --- |             --- |
|   LUT as Logic          |     0.000 |    76258 |    303600 |            25.1 |
|   F7/F8 Muxes           |     0.000 |    31085 |    303600 |            10.2 |
|   Register              |     0.000 |     1202 |    607200 |             0.2 |
|   LUT as Shift Register |     0.000 |      114 |    130800 |             0.1 |
|   CARRY4                |     0.000 |       50 |     75900 |             0.1 |
|   Others                |     0.000 |      140 |       --- |             --- |
| Signals                 |     0.000 |    46633 |       --- |             --- |
| Block RAM               |     0.000 |      258 |      1030 |            25.0 |
| I/O                     |     0.004 |       49 |       700 |             7.0 |
| Static Power            |     0.248 |          |           |                 |
| Total                   |     0.251 |          |           |                 |
+-------------------------+-----------+----------+-----------+-----------------+


1.2 Power Supply Summary
------------------------

+-----------+-------------+-----------+-------------+------------+
| Source    | Voltage (V) | Total (A) | Dynamic (A) | Static (A) |
+-----------+-------------+-----------+-------------+------------+
| Vccint    |       1.000 |     0.137 |       0.001 |      0.136 |
| Vccaux    |       1.800 |     0.039 |       0.002 |      0.038 |
| Vcco33    |       3.300 |     0.000 |       0.000 |      0.000 |
| Vcco25    |       2.500 |     0.000 |       0.000 |      0.000 |
| Vcco18    |       1.800 |     0.001 |       0.000 |      0.001 |
| Vcco15    |       1.500 |     0.000 |       0.000 |      0.000 |
| Vcco135   |       1.350 |     0.000 |       0.000 |      0.000 |
| Vcco12    |       1.200 |     0.000 |       0.000 |      0.000 |
| Vccaux_io |       2.000 |     0.000 |       0.000 |      0.000 |
| Vccbram   |       1.000 |     0.006 |       0.000 |      0.006 |
| MGTAVcc   |       1.000 |     0.000 |       0.000 |      0.000 |
| MGTAVtt   |       1.200 |     0.000 |       0.000 |      0.000 |
| MGTVccaux |       1.800 |     0.000 |       0.000 |      0.000 |
| MGTZVccl  |       1.075 |     0.000 |       0.000 |      0.000 |
| MGTZAVcc  |       1.075 |     0.000 |       0.000 |      0.000 |
| MGTZVcch  |       1.800 |     0.000 |       0.000 |      0.000 |
| Vccadc    |       1.800 |     0.020 |       0.000 |      0.020 |
+-----------+-------------+-----------+-------------+------------+


1.3 Confidence Level
--------------------

+-----------------------------+------------+--------------------------------------------------------+--------------------------------------------------------------------------------------------------------------------+
| User Input Data             | Confidence | Details                                                | Action                                                                                                             |
+-----------------------------+------------+--------------------------------------------------------+--------------------------------------------------------------------------------------------------------------------+
| Design implementation state | High       | Design is completely routed                            |                                                                                                                    |
| Clock nodes activity        | Low        | User specified less than 75% of clocks                 | Provide missing clock activity with a constraint file, simulation results or by editing the "By Clock Domain" view |
| I/O nodes activity          | Low        | More than 75% of inputs are missing user specification | Provide missing input activity with simulation results or by editing the "By Resource Type -> I/Os" view           |
| Internal nodes activity     | Medium     | User specified less than 25% of internal nodes         | Provide missing internal nodes activity with simulation results or by editing the "By Resource Type" views         |
| Device models               | High       | Device models are Production                           |                                                                                                                    |
|                             |            |                                                        |                                                                                                                    |
| Overall confidence level    | Low        |                                                        |                                                                                                                    |
+-----------------------------+------------+--------------------------------------------------------+--------------------------------------------------------------------------------------------------------------------+


2. Settings
-----------

2.1 Environment
---------------

+-----------------------+------------------+
| Ambient Temp (C)      | 25.0             |
| ThetaJA (C/W)         | 1.1              |
| Airflow (LFM)         | 250              |
| Heat Sink             | Medium Profile   |
| ThetaSA (C/W)         | 2.2              |
| Board Selection       | Medium (10"x10") |
| # of Board Layers     | 12 to 15         |
| Board Temperature (C) | 25.3             |
+-----------------------+------------------+


2.2 Initial Settings
--------------------

+-------------------------------------+-------+
| Register Toggle Rate (%)            |  12.5 |
| IO Toggle Rate (%)                  |  12.5 |
| Output Load (pF)                    |   5.0 |
| IO Enable Probabilty                |   1.0 |
| BRAM Write Probability              |   0.5 |
| BRAM Enable Probability             |   0.5 |
| DSP Toggle Rate (%)                 |  12.5 |
| Set Signal Probability              |  0.01 |
| Reset Signal Probability            |  0.01 |
| Enable Signal Probability           |  0.99 |
| Unconstrained Clock Frequency (MHz) |   0.0 |
+-------------------------------------+-------+


2.3 Clock Constraints
---------------------

+-------+--------+-----------------+
| Clock | Domain | Constraint (ns) |
+-------+--------+-----------------+


3. Detailed Reports
-------------------

3.1 By Hierarchy
----------------

+----------------------------------------------------------------------------------------------------------------------------------------------------+-----------+
| Name                                                                                                                                               | Power (W) |
+----------------------------------------------------------------------------------------------------------------------------------------------------+-----------+
| top_test                                                                                                                                           |     0.004 |
|   feeder0                                                                                                                                          |     0.000 |
|     audio_sender                                                                                                                                   |     0.000 |
|     video_sender                                                                                                                                   |     0.000 |
|   hdmi0                                                                                                                                            |     0.000 |
|     iic_config0                                                                                                                                    |     0.000 |
|     spdif0                                                                                                                                         |     0.000 |
|       bmc0                                                                                                                                         |     0.000 |
|     video0                                                                                                                                         |     0.000 |
|       fsm                                                                                                                                          |     0.000 |
|       h_pixel_count                                                                                                                                |     0.000 |
|       hblank_count                                                                                                                                 |     0.000 |
|       pclk                                                                                                                                         |     0.000 |
|       pixel_reg                                                                                                                                    |     0.000 |
|       v_pixel_count                                                                                                                                |     0.000 |
|       vblank_count                                                                                                                                 |     0.000 |
|   icon                                                                                                                                             |     0.000 |
|   ila                                                                                                                                              |     0.000 |
|     U0/I_YES_D.U_ILA/U_G2_SQ.U_CAPCTRL/U_CAP_ADDRGEN/U_SCNT_CMP/I_CS_GAND.U_CS_GAND_SRL/I_V7.U_CS_GAND_SRL_V7/I_USE_RPM_EQ0.U_GAND_SRL_UNSET       |     0.000 |
|     U0/I_YES_D.U_ILA/U_G2_SQ.U_CAPCTRL/U_CAP_ADDRGEN/U_WCNT_HCMP/I_CS_GAND.U_CS_GAND_SRL/I_V7.U_CS_GAND_SRL_V7/I_USE_RPM_EQ0.U_GAND_SRL_UNSET      |     0.000 |
|     U0/I_YES_D.U_ILA/U_G2_SQ.U_CAPCTRL/U_CAP_ADDRGEN/U_WCNT_LCMP/I_CS_GAND.U_CS_GAND_SRL/I_V7.U_CS_GAND_SRL_V7/I_USE_RPM_EQ0.U_GAND_SRL_UNSET      |     0.000 |
|     U0/I_YES_D.U_ILA/U_TRIG/U_TM/G_NMU[0].U_M/U_MU/I_MUT_GAND.U_match/I_CS_GAND.U_CS_GAND_SRL/I_V7.U_CS_GAND_SRL_V7/I_USE_RPM_EQ0.U_GAND_SRL_UNSET |     0.000 |
+----------------------------------------------------------------------------------------------------------------------------------------------------+-----------+


