
Utilization Design Information:
-------------------
Target Device    : xc7vx485t
Target Package   : ffg1761
Target Speed     : -2
Command Options  : -file top_test_utilization_synth.rpt

Slice Logic
+-------------------------+---------+----------+--------------+----------+
|Site Type                |     Used|     Loced|     Available|     Util%|
+-------------------------+---------+----------+--------------+----------+
|Slice LUTs*              |    78855|         0|        303600|     25.97|
|  LUT as Logic           |    78855|         0|        303600|     25.97|
|  LUT as Memory          |        0|         0|        130800|      0.00|
|Slice Registers          |      728|         0|        607200|      0.11|
|  Register as Flip Flop  |      728|         0|        607200|      0.11|
|  Register as Latch      |        0|         0|        607200|      0.00|
|F7 Muxes                 |     7760|         0|        151800|      5.11|
|F8 Muxes                 |     2904|         0|         75900|      3.82|
+-------------------------+---------+----------+--------------+----------+
*The Final LUT count, after physical optimizations and full implementation, is typically lower.

Memory
+---------------+---------+----------+--------------+----------+
|Site Type      |     Used|     Loced|     Available|     Util%|
+---------------+---------+----------+--------------+----------+
|RAMB36/FIFO36  |        0|         0|          1030|      0.00|
|RAMB18/FIFO18  |        0|         0|          2060|      0.00|
+---------------+---------+----------+--------------+----------+
                                                                

DSP
+--------------+---------+----------+--------------+----------+
|Site Type     |     Used|     Loced|     Available|     Util%|
+--------------+---------+----------+--------------+----------+
|DSPs          |        0|         0|          2800|      0.00|
+--------------+---------+----------+--------------+----------+
                                                               

IO and GTX Specific
+------------------------------+---------+----------+--------------+----------+
|Site Type                     |     Used|     Loced|     Available|     Util%|
+------------------------------+---------+----------+--------------+----------+
|Bonded IOB                    |       56|         0|           700|      8.00|
|Bonded IPADs                  |        0|         0|            86|      0.00|
|Bonded OPADs                  |        0|         0|            56|      0.00|
|GTXE2_CHANNEL                 |        0|         0|            28|      0.00|
|GTXE2_COMMON                  |        0|         0|             7|      0.00|
|IBUFGDS                       |        0|         0|           672|      0.00|
|IDELAYCTRL                    |        0|         0|            14|      0.00|
|IN_FIFO                       |        0|         0|            56|      0.00|
|OUT_FIFO                      |        0|         0|            56|      0.00|
|PHASER_REF                    |        0|         0|            14|      0.00|
|PHY_CONTROL                   |        0|         0|            14|      0.00|
|PHASER_OUT/PHASER_OUT_PHY     |        0|         0|            56|      0.00|
|PHASER_IN/PHASER_IN_PHY       |        0|         0|            56|      0.00|
|IDELAYE2/IDELAYE2_FINEDELAY   |        0|         0|           700|      0.00|
|ODELAYE2/ODELAYE2_FINEDELAY   |        0|         0|           700|      0.00|
|IBUFDS_GTE2                   |        0|         0|            28|      0.00|
|ILOGICE2/ILOGICE3/ISERDESE2s  |        0|         0|           700|      0.00|
|OLOGICE2/OLOGICE3/OSERDESE2s  |        0|         0|           700|      0.00|
+------------------------------+---------+----------+--------------+----------+
                                                                               

Clocking
+--------------+---------+----------+--------------+----------+
|Site Type     |     Used|     Loced|     Available|     Util%|
+--------------+---------+----------+--------------+----------+
|BUFGCTRL      |        3|         0|            32|      9.37|
|MMCME2_ADV    |        0|         0|            14|      0.00|
|PLLE2_ADV     |        0|         0|            14|      0.00|
|BUFMRCE       |        0|         0|            28|      0.00|
|BUFHCE        |        0|         0|           168|      0.00|
|BUFR          |        0|         0|            56|      0.00|
+--------------+---------+----------+--------------+----------+
                                                               

Specific Feature
+--------------+---------+----------+--------------+----------+
|Site Type     |     Used|     Loced|     Available|     Util%|
+--------------+---------+----------+--------------+----------+
|BSCANE2       |        1|         0|             4|     25.00|
|CAPTUREE2     |        0|         0|             1|      0.00|
|DNA_PORT      |        0|         0|             1|      0.00|
|EFUSE_USR     |        0|         0|             1|      0.00|
|FRAME_ECCE2   |        0|         0|             1|      0.00|
|ICAPE2        |        0|         0|             2|      0.00|
|PCIE_2_1      |        0|         0|             4|      0.00|
|STARTUPE2     |        0|         0|             1|      0.00|
|XADC          |        0|         0|             1|      0.00|
+--------------+---------+----------+--------------+----------+
                                                               

Primitives
+-------------+---------+
|Ref Name     |     Used|
+-------------+---------+
|LUT6         |    76668|
|MUXF7        |     7760|
|MUXF8        |     2904|
|LUT5         |     1557|
|FDCE         |      681|
|LUT4         |      360|
|LUT3         |      121|
|LUT1         |       83|
|LUT2         |       66|
|OBUF         |       50|
|FDPE         |       33|
|CARRY4       |       26|
|FDRE         |       14|
|IBUF         |        4|
|BUFG         |        3|
|OBUFT        |        2|
|IBUFDS       |        1|
|BSCANE2      |        1|
+-------------+---------+
                         

Black Boxes
+-------------+---------+
|Ref Name     |     Used|
+-------------+---------+
                         

Instantiated Netlists
+-------------+---------+
|Ref Name     |     Used|
+-------------+---------+
|hdmi_icon    |        1|
+-------------+---------+
                         

