Flow report for top
Sat Nov 30 23:47:54 2013
Quartus II 64-Bit Version 12.1 Build 177 11/07/2012 SJ Full Version


---------------------
; Table of Contents ;
---------------------
  1. Legal Notice
  2. Flow Summary
  3. Flow Settings
  4. Flow Non-Default Global Settings
  5. Flow Elapsed Time
  6. Flow OS Summary
  7. Flow Log



----------------
; Legal Notice ;
----------------
Copyright (C) 1991-2012 Altera Corporation
Your use of Altera Corporation's design tools, logic functions 
and other software and tools, and its AMPP partner logic 
functions, and any output files from any of the foregoing 
(including device programming or simulation files), and any 
associated documentation or information are expressly subject 
to the terms and conditions of the Altera Program License 
Subscription Agreement, Altera MegaCore Function License 
Agreement, or other applicable license agreement, including, 
without limitation, that your use is for the sole purpose of 
programming logic devices manufactured by Altera and sold by 
Altera or its authorized distributors.  Please refer to the 
applicable agreement for further details.



+--------------------------------------------------------------------------------+
; Flow Summary                                                                   ;
+------------------------------------+-------------------------------------------+
; Flow Status                        ; Successful - Sat Nov 30 23:47:54 2013     ;
; Quartus II 64-Bit Version          ; 12.1 Build 177 11/07/2012 SJ Full Version ;
; Revision Name                      ; top                                       ;
; Top-level Entity Name              ; top                                       ;
; Family                             ; Cyclone IV E                              ;
; Device                             ; EP4CE115F29C7                             ;
; Timing Models                      ; Final                                     ;
; Total logic elements               ; 984 / 114,480 ( < 1 % )                   ;
;     Total combinational functions  ; 900 / 114,480 ( < 1 % )                   ;
;     Dedicated logic registers      ; 279 / 114,480 ( < 1 % )                   ;
; Total registers                    ; 279                                       ;
; Total pins                         ; 111 / 529 ( 21 % )                        ;
; Total virtual pins                 ; 0                                         ;
; Total memory bits                  ; 15,360 / 3,981,312 ( < 1 % )              ;
; Embedded Multiplier 9-bit elements ; 4 / 532 ( < 1 % )                         ;
; Total PLLs                         ; 1 / 4 ( 25 % )                            ;
+------------------------------------+-------------------------------------------+


+-----------------------------------------+
; Flow Settings                           ;
+-------------------+---------------------+
; Option            ; Setting             ;
+-------------------+---------------------+
; Start date & time ; 11/30/2013 23:47:16 ;
; Main task         ; Compilation         ;
; Revision Name     ; top                 ;
+-------------------+---------------------+


+----------------------------------------------------------------------------------------------------------------------------+
; Flow Non-Default Global Settings                                                                                           ;
+-------------------------------------+---------------------------------------+---------------+-------------+----------------+
; Assignment Name                     ; Value                                 ; Default Value ; Entity Name ; Section Id     ;
+-------------------------------------+---------------------------------------+---------------+-------------+----------------+
; COMPILER_SIGNATURE_ID               ; 0.138587323620346                     ; --            ; --          ; --             ;
; EDA_OUTPUT_DATA_FORMAT              ; Vhdl                                  ; --            ; --          ; eda_simulation ;
; EDA_SIMULATION_TOOL                 ; ModelSim-Altera (VHDL)                ; <None>        ; --          ; --             ;
; MAX_CORE_JUNCTION_TEMP              ; 85                                    ; --            ; --          ; --             ;
; MIN_CORE_JUNCTION_TEMP              ; 0                                     ; --            ; --          ; --             ;
; NOMINAL_CORE_SUPPLY_VOLTAGE         ; 1.2V                                  ; --            ; --          ; --             ;
; PARTITION_COLOR                     ; 16764057                              ; --            ; --          ; Top            ;
; PARTITION_FITTER_PRESERVATION_LEVEL ; PLACEMENT_AND_ROUTING                 ; --            ; --          ; Top            ;
; PARTITION_NETLIST_TYPE              ; SOURCE                                ; --            ; --          ; Top            ;
; POWER_BOARD_THERMAL_MODEL           ; None (CONSERVATIVE)                   ; --            ; --          ; --             ;
; POWER_PRESET_COOLING_SOLUTION       ; 23 MM HEAT SINK WITH 200 LFPM AIRFLOW ; --            ; --          ; --             ;
; PROJECT_OUTPUT_DIRECTORY            ; output_files                          ; --            ; --          ; --             ;
+-------------------------------------+---------------------------------------+---------------+-------------+----------------+


+-------------------------------------------------------------------------------------------------------------------------------+
; Flow Elapsed Time                                                                                                             ;
+---------------------------+--------------+-------------------------+---------------------+------------------------------------+
; Module Name               ; Elapsed Time ; Average Processors Used ; Peak Virtual Memory ; Total CPU Time (on all processors) ;
+---------------------------+--------------+-------------------------+---------------------+------------------------------------+
; Analysis & Synthesis      ; 00:00:04     ; 1.0                     ; 739 MB              ; 00:00:03                           ;
; Fitter                    ; 00:00:17     ; 2.4                     ; 1047 MB             ; 00:00:23                           ;
; Assembler                 ; 00:00:05     ; 1.0                     ; 620 MB              ; 00:00:04                           ;
; TimeQuest Timing Analyzer ; 00:00:05     ; 2.0                     ; 712 MB              ; 00:00:04                           ;
; EDA Netlist Writer        ; 00:00:02     ; 1.0                     ; 782 MB              ; 00:00:02                           ;
; Total                     ; 00:00:33     ; --                      ; --                  ; 00:00:36                           ;
+---------------------------+--------------+-------------------------+---------------------+------------------------------------+


+----------------------------------------------------------------------------------------------+
; Flow OS Summary                                                                              ;
+---------------------------+--------------------------+---------+------------+----------------+
; Module Name               ; Machine Hostname         ; OS Name ; OS Version ; Processor type ;
+---------------------------+--------------------------+---------+------------+----------------+
; Analysis & Synthesis      ; apollo.lab.ece.cmu.local ; Red Hat ; 6          ; x86_64         ;
; Fitter                    ; apollo.lab.ece.cmu.local ; Red Hat ; 6          ; x86_64         ;
; Assembler                 ; apollo.lab.ece.cmu.local ; Red Hat ; 6          ; x86_64         ;
; TimeQuest Timing Analyzer ; apollo.lab.ece.cmu.local ; Red Hat ; 6          ; x86_64         ;
; EDA Netlist Writer        ; apollo.lab.ece.cmu.local ; Red Hat ; 6          ; x86_64         ;
+---------------------------+--------------------------+---------+------------+----------------+


------------
; Flow Log ;
------------
quartus_map --read_settings_files=on --write_settings_files=off display_test -c top
quartus_fit --read_settings_files=off --write_settings_files=off display_test -c top
quartus_asm --read_settings_files=off --write_settings_files=off display_test -c top
quartus_sta display_test -c top
quartus_eda --read_settings_files=off --write_settings_files=off display_test -c top



